// Jest Snapshot v1, https://goo.gl/fbAQLP

exports[`<TextField /> should show an error message 1`] = `
.c0 .c2 {
  border-color: #FF6347;
}

.c3 {
  display: -webkit-box;
  display: -webkit-flex;
  display: -ms-flexbox;
  display: flex;
  -webkit-align-items: center;
  -webkit-box-align: center;
  -ms-flex-align: center;
  align-items: center;
  background: #EAEAEA;
  border-radius: 0.2rem;
  padding: 0 1.6rem;
  border: 0.2rem solid;
  border-color: #EAEAEA;
}

.c3:focus-within {
  box-shadow: 0 0 0.5rem #F231A5;
}

.c4 {
  color: #030517;
  font-family: Poppins,-apple-system,BlinkMacSystemFont,'Segoe UI',Roboto,Oxygen,Ubuntu,Cantarell,'Open Sans','Helvetica Neue',sans-serif;
  font-size: 1.6rem;
  padding: 0.8rem;
  padding-left: 0.8rem;
  background: transparent;
  border: 0;
  outline: none;
  width: 100%;
}

.c5 {
  color: #FF6347;
  font-size: 1.6rem;
}

.c1 {
  font-size: 1.4rem;
  color: #030517;
  cursor: pointer;
}

<div
  class="c0"
>
  <label
    class="c1"
  >
    textfield
  </label>
  <div
    class="c2 c3"
  >
    <input
      class="c4"
      type="text"
      value=""
    />
  </div>
  <p
    class="c5"
  >
    Error message
  </p>
</div>
`;
